#-----------------------------------------------------------
# Vivado v2018.3 (64-bit)
# SW Build 2405991 on Thu Dec  6 23:38:27 MST 2018
# IP Build 2404404 on Fri Dec  7 01:43:56 MST 2018
# Start of session at: Tue Apr 12 20:50:35 2022
# Process ID: 12492
# Current directory: C:/Users/wty02/Desktop/CPU/single_CPU/code/single_CPU
# Command line: vivado.exe -gui_launcher_event rodinguilauncherevent34080 C:\Users\wty02\Desktop\CPU\single_CPU\code\single_CPU\single_CPU.xpr
# Log file: C:/Users/wty02/Desktop/CPU/single_CPU/code/single_CPU/vivado.log
# Journal file: C:/Users/wty02/Desktop/CPU/single_CPU/code/single_CPU\vivado.jou
#-----------------------------------------------------------
start_gui
open_project C:/Users/wty02/Desktop/CPU/single_CPU/code/single_CPU/single_CPU.xpr
update_compile_order -fileset sources_1
set_property SOURCE_SET sources_1 [get_filesets sim_1]
add_files -fileset sim_1 -norecurse C:/Users/wty02/Desktop/CPU/single_CPU/code/single_CPU/single_CPU.srcs/sim_1/new/MUX5_test.v
update_compile_order -fileset sim_1
launch_runs impl_1 -jobs 8
wait_on_run impl_1
launch_simulation
source myALU_test.tcl
close_sim
# Disabling source management mode.  This is to allow the top design properties to be set without GUI intervention.
set_property source_mgmt_mode None [current_project]
set_property top MUX5_test [get_filesets sim_1]
set_property top_lib xil_defaultlib [get_filesets sim_1]
# Re-enabling previously disabled source management mode.
set_property source_mgmt_mode All [current_project]
update_compile_order -fileset sim_1
launch_simulation
source MUX5_test.tcl
add_bp {C:/Users/wty02/Desktop/CPU/single_CPU/code/single_CPU/single_CPU.srcs/sim_1/new/MUX5_test.v} 31
remove_bps -file {C:/Users/wty02/Desktop/CPU/single_CPU/code/single_CPU/single_CPU.srcs/sim_1/new/MUX5_test.v} -line 31
close_sim
